<list>
<i n="OtherType"><t>OtherType</t><d></d></i>
<i n="SomeType"><t>SomeType</t><d></d></i>
</list>

